// Jest Snapshot v1, https://goo.gl/fbAQLP

exports[`Pruebas en el <SearchPage /> debe de mostrarse correctamente con valores por defecto 1`] = `
<div>
  <h1>
    Search
  </h1>
  <hr />
  <div
    class="row"
  >
    <div
      class="col-5 mt-5"
    >
      <h4>
        Searching
      </h4>
      <hr />
      <form>
        <input
          aria-label="search-input"
          autocomplete="off"
          class="form-control"
          name="searchText"
          placeholder="Search a hero"
          type="text"
          value=""
        />
        <button
          aria-label="search-button"
          class="btn btn-outline-primary mt-2"
          type="submit"
        >
          Search
        </button>
      </form>
    </div>
    <div
      class="col-7 mt-5"
    >
      <h4>
        Result
      </h4>
      <hr />
      <div
        class="alert alert-primary"
      >
        Search a hero
      </div>
    </div>
  </div>
</div>
`;
