// Jest Snapshot v1, https://goo.gl/fbAQLP

exports[`Pruebas en <RealExampleRef /> debe de mostrar el componente 1`] = `
<Fragment>
  <h1>
    Real Example Ref
  </h1>
  <hr />
  <button
    className="button"
    onClick={[Function]}
  >
    Mostrar/Ocultar
  </button>
</Fragment>
`;
