// Jest Snapshot v1, https://goo.gl/fbAQLP

exports[`Prueba en <GridGifItem /> Hacer snapshot de el componente 1`] = `
<div
  className="card animate__animated animate__fadeInLeft"
>
  <img
    alt="Soy un titulo"
    src="https://localhost/avatar.jpg"
  />
  <p>
    Soy un titulo
  </p>
</div>
`;
