// Jest Snapshot v1, https://goo.gl/fbAQLP

exports[`Pruebas en <LoginScreen /> debe mostrarse correctamenete 1`] = `
<div>
  <h1>
    LoginScreen
  </h1>
  <hr />
  <button
    className="btn"
    onClick={[Function]}
  >
    Login
  </button>
</div>
`;
